// Jest Snapshot v1, https://goo.gl/fbAQLP

exports[`LK2 Cookies get key/value pairs 1`] = `
Array [
  Object {
    "key": "something",
    "value": "John",
  },
  Object {
    "key": "expertMode",
    "value": "1",
  },
]
`;

exports[`LK2 Cookies get values in object 1`] = `
Object {
  "expertMode": "John",
  "something": "Mark",
}
`;

exports[`LK2 Cookies store and load JSON 1`] = `
{
  "age": 34,
  "company":{
    "name": "Apple",
  },
  "first": "Bob",
  "last": "Hoffman",
}
`;

exports[`LK2 Storage get key/value pairs 1`] = `
Array [
  Object {
    "key": "lastUsername",
    "value": "Bob",
  },
]
`;

exports[`LK2 Storage get values in object 1`] = `Object {}`;

exports[`LK2 Web components initialize 1`] = `"<b>Name</b>"`;

exports[`LK2 Web components set attribute 1`] = `"<b>Name</b>"`;
